apiVersion: apps/v1
kind: Deployment
metadata:
  name: chart-app-deployment-c843205c
spec:
  minReadySeconds: 0
  progressDeadlineSeconds: 600
  replicas: 3
  selector:
    matchLabels:
      cdk8s.io/metadata.addr: Chart-App-Deployment-c84d7818
  strategy:
    rollingUpdate:
      maxSurge: 25%
      maxUnavailable: 25%
    type: RollingUpdate
  template:
    metadata:
      labels:
        cdk8s.io/metadata.addr: Chart-App-Deployment-c84d7818
    spec:
      automountServiceAccountToken: false
      containers:
        - image: ubuntu
          imagePullPolicy: Always
          name: main
          resources:
            limits:
              cpu: 1500m
              memory: 2048Mi
            requests:
              cpu: 1000m
              memory: 512Mi
          securityContext:
            allowPrivilegeEscalation: false
            privileged: false
            readOnlyRootFilesystem: true
            runAsNonRoot: true
      dnsPolicy: ClusterFirst
      hostNetwork: false
      restartPolicy: Always
      securityContext:
        fsGroupChangePolicy: Always
        runAsNonRoot: true
      setHostnameAsFQDN: false
      terminationGracePeriodSeconds: 30
